#-----------------------------------------------------------
# Vivado v2025.2 (64-bit)
# SW Build 6299465 on Fri Nov 14 19:35:11 GMT 2025
# IP Build 6300035 on Fri Nov 14 10:48:45 MST 2025
# SharedData Build 6298862 on Thu Nov 13 04:50:51 MST 2025
# Start of session at: Tue Sep  8 15:29:12 2026
# Process ID         : 15656
# Current directory  : C:/Users/OIE/Desktop/arty_holme_gps/arty_holme/arty_holme.runs/blk_host_fifo_synth_1
# Command line       : vivado.exe -log blk_host_fifo.vds -product Vivado -mode batch -messageDb vivado.pb -notrace -source blk_host_fifo.tcl
# Log file           : C:/Users/OIE/Desktop/arty_holme_gps/arty_holme/arty_holme.runs/blk_host_fifo_synth_1/blk_host_fifo.vds
# Journal file       : C:/Users/OIE/Desktop/arty_holme_gps/arty_holme/arty_holme.runs/blk_host_fifo_synth_1\vivado.jou
# Running On         : DESKTOP-EALFKFH
# Platform           : Windows Server 2016 or Windows 10
# Operating System   : 19045
# Processor Detail   : Intel(R) Core(TM) i5-6300U CPU @ 2.40GHz
# CPU Frequency      : 2496 MHz
# CPU Physical cores : 2
# CPU Logical cores  : 4
# Host memory        : 21323 MB
# Swap memory        : 3623 MB
# Total Virtual      : 24947 MB
# Available Virtual  : 11068 MB
#-----------------------------------------------------------
source blk_host_fifo.tcl -notrace
