Copyright 1986-2022 Xilinx, Inc. All Rights Reserved. Copyright 2022-2025 Advanced Micro Devices, Inc. All Rights Reserved.
-----------------------------------------------------------------------------------------------------------------------------------------------------------------------------
| Tool Version : Vivado v.2025.2 (win64) Build 6299465 Fri Nov 14 19:35:11 GMT 2025
| Date         : Wed Sep  9 11:18:28 2026
| Host         : DESKTOP-EALFKFH running 64-bit major release  (build 9200)
| Command      : report_methodology -file Frac7_GPS_top_methodology_drc_routed.rpt -pb Frac7_GPS_top_methodology_drc_routed.pb -rpx Frac7_GPS_top_methodology_drc_routed.rpx
| Design       : Frac7_GPS_top
| Device       : xc7a100tcsg324-1
| Speed File   : -1
| Design State : Fully Routed
-----------------------------------------------------------------------------------------------------------------------------------------------------------------------------

Report Methodology

Table of Contents
-----------------
1. REPORT SUMMARY
2. REPORT DETAILS

1. REPORT SUMMARY
-----------------
            Netlist: netlist
          Floorplan: design_1
      Design limits: <entire design considered>
             Max checks: <unlimited>
             Checks found: 6
+-----------+----------+-------------------------------+--------+
| Rule      | Severity | Description                   | Checks |
+-----------+----------+-------------------------------+--------+
| LUTAR-1   | Warning  | LUT drives async reset alert  | 1      |
| TIMING-9  | Warning  | Unknown CDC Logic             | 1      |
| TIMING-18 | Warning  | Missing input or output delay | 4      |
+-----------+----------+-------------------------------+--------+

2. REPORT DETAILS
-----------------
LUTAR-1#1 Warning
LUT drives async reset alert  
LUT cell gps/ha_st[7]_i_2, with 2 or more inputs, drives asynchronous preset/clear pin(s) gps/ha_cnt_reg[5]/CLR, gps/ha_cnt_reg[6]/CLR, gps/ha_cnt_reg[7]/CLR,
gps/ha_cnt_reg[8]/CLR, gps/ha_cnt_reg[9]/CLR, gps/ha_st_reg[0]/PRE,
gps/ha_st_reg[1]/CLR, gps/ha_st_reg[2]/CLR, gps/ha_st_reg[3]/CLR,
gps/ha_st_reg[4]/CLR, gps/ha_st_reg[5]/CLR, gps/ha_st_reg[6]/CLR,
gps/ha_st_reg[7]/CLR, gps/ha_wr_reg/CLR, gps/tdo_reg/PRE
 (the first 15 of 24 listed). The LUT may glitch and trigger an unexpected reset, even if it is a properly timed path.
Related violations: <none>

TIMING-9#1 Warning
Unknown CDC Logic  
One or more asynchronous Clock Domain Crossing has been detected between 2 clock domains through a set_false_path or a set_clock_groups or set_max_delay -datapath_only constraint but no double-registers logic synchronizer has been found on the side of the capture clock. It is recommended to run report_cdc for a complete and detailed CDC coverage. Please consider using XPM_CDC to avoid Critical severities
Related violations: <none>

TIMING-18#1 Warning
Missing input or output delay  
An input delay is missing on RPI_CS_N[0] relative to the rising and/or falling clock edge(s) of rpi_sclk.
Related violations: <none>

TIMING-18#2 Warning
Missing input or output delay  
An input delay is missing on RPI_CS_N[1] relative to the rising and/or falling clock edge(s) of rpi_sclk.
Related violations: <none>

TIMING-18#3 Warning
Missing input or output delay  
An input delay is missing on RPI_MOSI relative to the rising and/or falling clock edge(s) of rpi_sclk.
Related violations: <none>

TIMING-18#4 Warning
Missing input or output delay  
An output delay is missing on RPI_MISO relative to the rising and/or falling clock edge(s) of rpi_sclk.
Related violations: <none>


